// Jest Snapshot v1, https://goo.gl/fbAQLP

exports[`UserDashboard renders correctrly 1`] = `
<div class="dashboard mt-6 d-flex">
  <div class="sidebar-container">
    <h3 class="sidebar-header pl-3 pt-4 pb-3">Your profile</h3>
    <div class="separator"></div>
    <div class="sidebar-user mt-3 ml-3 mb-2">Hello, John Smith</div>
    <div class="sidebar-user mt-3 ml-3 mb-2">john_doe@gmail.com</div>
    <div class="separator mt-3 mb-4"></div> <button class="logout-btn button-reset text-white ml-3">
      <md-icon-stub class="icon-sm">logout</md-icon-stub>Logout
    </button>
  </div>
  <div class="content p-4">
    <h3>Profile details</h3>
    <p>You can change you profile details below</p>
    <form>
      <div class="form-group"><label for="user-name">Name</label> <input type="text" id="user-name" placeholder="Name" class="form-control"></div>
      <div class="form-group"><label for="user-email">E-mail</label> <input type="text" id="user-email" placeholder="E-mail" class="form-control"></div>
      <div class="form-group"><label for="user-password">Password</label> <input type="password" id="user-password" placeholder="Password" class="form-control"></div> <button type="submit" disabled="disabled" class="btn btn-sm btn-primary ml-0">Save</button>
    </form>
  </div>
</div>
`;
